// Jest Snapshot v1, https://goo.gl/fbAQLP

exports[`App tests Renders 1`] = `
<div
  data-reactroot=""
  id="main-view"
>
  <div
    class="panel panel-default row"
  >
    <div
      class="col-xs-0 col-sm-1 col-md-2"
    />
    <section
      class="col-xs-12 col-sm-10 col-md-8"
    >
      <h2
        class="text-primary text-center"
      >
        Sorted List with Data
      </h2>
      <div
        class="well"
      >
        <table
          class="table table-striped table-condensed table-bordered"
        >
          <thead>
            <tr>
              <th
                class="text-center actionable"
              >
                Name
              </th>
              <th
                class="text-center actionable"
              >
                Surname
              </th>
              <th
                class="text-center actionable order-asc"
              >
                Code Number
              </th>
              <th
                class="text-center actionable"
              >
                RFC
              </th>
              <th
                class="text-center actionable"
              >
                Status
              </th>
            </tr>
          </thead>
          <tbody>
            <tr>
              <td
                class="text-center"
              >
                ELOINA
              </td>
              <td
                class="text-center"
              >
                <!-- react-text: 19 -->
                SALINAS
                <!-- /react-text -->
                <!-- react-text: 20 -->
                -
                <!-- /react-text -->
                <!-- react-text: 21 -->
                VAZQUEZ
                <!-- /react-text -->
              </td>
              <td
                class="text-center"
              >
                10001
              </td>
              <td
                class="text-center"
              />
              <td
                class="text-center"
              >
                Hired
              </td>
            </tr>
            <tr>
              <td
                class="text-center"
              >
                TERESA DE JESUS
              </td>
              <td
                class="text-center"
              >
                <!-- react-text: 28 -->
                JOFRE
                <!-- /react-text -->
                <!-- react-text: 29 -->
                -
                <!-- /react-text -->
                <!-- react-text: 30 -->
                GARFIAS
                <!-- /react-text -->
              </td>
              <td
                class="text-center"
              >
                10027
              </td>
              <td
                class="text-center"
              >
                JOGT000101
              </td>
              <td
                class="text-center"
              />
            </tr>
            <tr>
              <td
                class="text-center"
              >
                JOSE LUIS
              </td>
              <td
                class="text-center"
              >
                <!-- react-text: 37 -->
                JAVIER
                <!-- /react-text -->
                <!-- react-text: 38 -->
                -
                <!-- /react-text -->
                <!-- react-text: 39 -->
                PECH
                <!-- /react-text -->
              </td>
              <td
                class="text-center"
              >
                10030
              </td>
              <td
                class="text-center"
              >
                JAPL740105
              </td>
              <td
                class="text-center"
              >
                Candidate
              </td>
            </tr>
            <tr>
              <td
                class="text-center"
              >
                ERNESTO
              </td>
              <td
                class="text-center"
              >
                <!-- react-text: 46 -->
                HERNANDEZ
                <!-- /react-text -->
                <!-- react-text: 47 -->
                -
                <!-- /react-text -->
                <!-- react-text: 48 -->
                GARCIA
                <!-- /react-text -->
              </td>
              <td
                class="text-center"
              >
                10031
              </td>
              <td
                class="text-center"
              >
                HEGE521107
              </td>
              <td
                class="text-center"
              >
                Hired
              </td>
            </tr>
            <tr>
              <td
                class="text-center"
              >
                SERGIO
              </td>
              <td
                class="text-center"
              >
                <!-- react-text: 55 -->
                FONSECA
                <!-- /react-text -->
                <!-- react-text: 56 -->
                -
                <!-- /react-text -->
                <!-- react-text: 57 -->
                VIDAL
                <!-- /react-text -->
              </td>
              <td
                class="text-center"
              >
                10137
              </td>
              <td
                class="text-center"
              >
                FOVS820331
              </td>
              <td
                class="text-center"
              >
                Hired
              </td>
            </tr>
            <tr>
              <td
                class="text-center"
              >
                PEDRO ANTONIO
              </td>
              <td
                class="text-center"
              >
                <!-- react-text: 64 -->
                JIMENEZ
                <!-- /react-text -->
                <!-- react-text: 65 -->
                -
                <!-- /react-text -->
                <!-- react-text: 66 -->
                JIMENEZ
                <!-- /react-text -->
              </td>
              <td
                class="text-center"
              >
                10155
              </td>
              <td
                class="text-center"
              >
                JIJP770117
              </td>
              <td
                class="text-center"
              >
                Hired
              </td>
            </tr>
            <tr>
              <td
                class="text-center"
              >
                EFREN
              </td>
              <td
                class="text-center"
              >
                <!-- react-text: 73 -->
                GONZALEZ
                <!-- /react-text -->
                <!-- react-text: 74 -->
                -
                <!-- /react-text -->
                <!-- react-text: 75 -->
                CHAVEZ
                <!-- /react-text -->
              </td>
              <td
                class="text-center"
              >
                10223
              </td>
              <td
                class="text-center"
              >
                GOCE690929
              </td>
              <td
                class="text-center"
              >
                Hired
              </td>
            </tr>
            <tr>
              <td
                class="text-center"
              >
                FRANCISCO
              </td>
              <td
                class="text-center"
              >
                <!-- react-text: 82 -->
                JIMENEZ
                <!-- /react-text -->
                <!-- react-text: 83 -->
                -
                <!-- /react-text -->
                <!-- react-text: 84 -->
                RODRIGUEZ
                <!-- /react-text -->
              </td>
              <td
                class="text-center"
              >
                10337
              </td>
              <td
                class="text-center"
              >
                JIRF651124
              </td>
              <td
                class="text-center"
              >
                Hired
              </td>
            </tr>
            <tr>
              <td
                class="text-center"
              >
                MANUEL
              </td>
              <td
                class="text-center"
              >
                <!-- react-text: 91 -->
                VALDERRABANO
                <!-- /react-text -->
                <!-- react-text: 92 -->
                -
                <!-- /react-text -->
                <!-- react-text: 93 -->
                TACU
                <!-- /react-text -->
              </td>
              <td
                class="text-center"
              >
                10369
              </td>
              <td
                class="text-center"
              >
                VATM701227
              </td>
              <td
                class="text-center"
              >
                Hired
              </td>
            </tr>
            <tr>
              <td
                class="text-center"
              >
                LUIS RAMON
              </td>
              <td
                class="text-center"
              >
                <!-- react-text: 100 -->
                PERALTA
                <!-- /react-text -->
                <!-- react-text: 101 -->
                -
                <!-- /react-text -->
                <!-- react-text: 102 -->
                MAY
                <!-- /react-text -->
              </td>
              <td
                class="text-center"
              >
                10370
              </td>
              <td
                class="text-center"
              >
                PEML740831
              </td>
              <td
                class="text-center"
              >
                Hired
              </td>
            </tr>
          </tbody>
        </table>
      </div>
    </section>
    <div
      class="col-xs-0 col-sm-1 col-md-2"
    />
  </div>
</div>
`;
